src/app/page.tsx(351,55): error TS2339: Property 'setShapeErrorNodeId' does not exist on type 'EditorState'.
src/app/page.tsx(499,55): error TS2339: Property 'setShapeErrorNodeId' does not exist on type 'EditorState'.
src/app/page.tsx(500,49): error TS2339: Property 'setNodeShapes' does not exist on type 'EditorState'.
src/components/CustomNode.tsx(59,52): error TS2339: Property 'shapeErrorNodeId' does not exist on type 'EditorState'.
src/components/CustomNode.tsx(60,46): error TS2339: Property 'nodeShapes' does not exist on type 'EditorState'.
src/components/TensorEdge.tsx(46,46): error TS2339: Property 'nodeShapes' does not exist on type 'EditorState'.
